package p

// Tests flow control statements with fake usages.
func ifInit() {
	if x := 1; true {; _ = x /* TODO: gouse */
	}
}

func forInit() {
	for x := 0; false; {; _ = x /* TODO: gouse */
	}
}

func selectRecv() {
	ch := make(chan int)
	select {
	case x := <-ch:; _ = x /* TODO: gouse */
		_ = ch
	}
}

func rangeVars() {
	for i, v := range []int{1} {; _ = i /* TODO: gouse */; _ = v /* TODO: gouse */
		break
	}
}
